nohup: ignoring input
{'active_tasks': ['forward'], 'sample_space': {'forward': {'template_count': 6, 'raw_expression_count': 1500000}}}
{'skip_checkpoint': './params/last.pt', 'reason': 'Error(s) in loading state_dict for QwenForCausalLM:'}
{'step': 5, 'loss': 3.314962387084961, 'device': 'cuda'}
{'step': 10, 'loss': 3.042423725128174, 'device': 'cuda'}
{'step': 15, 'loss': 2.7915375232696533, 'device': 'cuda'}
{'step': 20, 'loss': 2.700357437133789, 'device': 'cuda'}
{'step': 25, 'loss': 2.6068849563598633, 'device': 'cuda'}
{'step': 30, 'loss': 2.545412063598633, 'device': 'cuda'}
{'step': 35, 'loss': 2.434161901473999, 'device': 'cuda'}
{'step': 40, 'loss': 2.3228464126586914, 'device': 'cuda'}
{'step': 45, 'loss': 2.182675361633301, 'device': 'cuda'}
{'step': 50, 'loss': 2.1135199069976807, 'device': 'cuda'}
{'step': 55, 'loss': 2.0600030422210693, 'device': 'cuda'}
{'step': 60, 'loss': 1.9609651565551758, 'device': 'cuda'}
{'step': 65, 'loss': 1.915488839149475, 'device': 'cuda'}
{'step': 70, 'loss': 1.828848123550415, 'device': 'cuda'}
{'step': 75, 'loss': 1.8834776878356934, 'device': 'cuda'}
{'step': 80, 'loss': 1.7809581756591797, 'device': 'cuda'}
{'step': 85, 'loss': 1.8832143545150757, 'device': 'cuda'}
{'step': 90, 'loss': 1.7687550783157349, 'device': 'cuda'}
{'step': 95, 'loss': 1.5649070739746094, 'device': 'cuda'}
{'step': 100, 'loss': 1.7045836448669434, 'device': 'cuda'}
{'step': 105, 'loss': 1.619633674621582, 'device': 'cuda'}
{'step': 110, 'loss': 1.6142977476119995, 'device': 'cuda'}
{'step': 115, 'loss': 1.6303545236587524, 'device': 'cuda'}
{'step': 120, 'loss': 1.4147679805755615, 'device': 'cuda'}
{'step': 125, 'loss': 1.5018991231918335, 'device': 'cuda'}
{'step': 130, 'loss': 1.3947389125823975, 'device': 'cuda'}
{'step': 135, 'loss': 1.432986855506897, 'device': 'cuda'}
{'step': 140, 'loss': 1.3306071758270264, 'device': 'cuda'}
{'step': 145, 'loss': 1.2646766901016235, 'device': 'cuda'}
{'step': 150, 'loss': 1.2764649391174316, 'device': 'cuda'}
{'step': 155, 'loss': 1.220686435699463, 'device': 'cuda'}
{'step': 160, 'loss': 1.175055742263794, 'device': 'cuda'}
{'step': 165, 'loss': 1.1361899375915527, 'device': 'cuda'}
{'step': 170, 'loss': 1.1352838277816772, 'device': 'cuda'}
{'step': 175, 'loss': 0.9915530681610107, 'device': 'cuda'}
{'step': 180, 'loss': 1.0474344491958618, 'device': 'cuda'}
{'step': 185, 'loss': 0.9958316087722778, 'device': 'cuda'}
{'step': 190, 'loss': 0.9929601550102234, 'device': 'cuda'}
{'step': 195, 'loss': 0.9444726705551147, 'device': 'cuda'}
{'step': 200, 'loss': 1.016289472579956, 'device': 'cuda'}
{'step': 205, 'loss': 0.9447401762008667, 'device': 'cuda'}
{'step': 210, 'loss': 0.9291115403175354, 'device': 'cuda'}
{'step': 215, 'loss': 0.9507900476455688, 'device': 'cuda'}
{'step': 220, 'loss': 0.957650363445282, 'device': 'cuda'}
{'step': 225, 'loss': 0.9076732397079468, 'device': 'cuda'}
{'step': 230, 'loss': 0.9679969549179077, 'device': 'cuda'}
{'step': 235, 'loss': 0.8906840085983276, 'device': 'cuda'}
{'step': 240, 'loss': 0.8691619038581848, 'device': 'cuda'}
{'step': 245, 'loss': 0.926410436630249, 'device': 'cuda'}
{'step': 250, 'loss': 0.8354365229606628, 'device': 'cuda'}
{'step': 255, 'loss': 0.8881716132164001, 'device': 'cuda'}
{'step': 260, 'loss': 0.8271686434745789, 'device': 'cuda'}
{'step': 265, 'loss': 0.8329749703407288, 'device': 'cuda'}
{'step': 270, 'loss': 0.8650103211402893, 'device': 'cuda'}
{'step': 275, 'loss': 0.72545325756073, 'device': 'cuda'}
{'step': 280, 'loss': 0.745276927947998, 'device': 'cuda'}
{'step': 285, 'loss': 0.7366268634796143, 'device': 'cuda'}
{'step': 290, 'loss': 0.8399882912635803, 'device': 'cuda'}
{'step': 295, 'loss': 0.8013447523117065, 'device': 'cuda'}
{'step': 300, 'loss': 0.7488793730735779, 'device': 'cuda'}
{'step': 305, 'loss': 0.8124682903289795, 'device': 'cuda'}
{'step': 310, 'loss': 0.7162481546401978, 'device': 'cuda'}
{'step': 315, 'loss': 0.779559850692749, 'device': 'cuda'}
{'step': 320, 'loss': 0.6873003840446472, 'device': 'cuda'}
{'step': 325, 'loss': 0.6958106160163879, 'device': 'cuda'}
{'step': 330, 'loss': 0.7445677518844604, 'device': 'cuda'}
{'step': 335, 'loss': 0.7372609972953796, 'device': 'cuda'}
{'step': 340, 'loss': 0.7019319534301758, 'device': 'cuda'}
{'step': 345, 'loss': 0.7541700601577759, 'device': 'cuda'}
{'step': 350, 'loss': 0.7304617762565613, 'device': 'cuda'}
{'step': 355, 'loss': 0.7386858463287354, 'device': 'cuda'}
{'step': 360, 'loss': 0.7061614990234375, 'device': 'cuda'}
{'step': 365, 'loss': 0.6885679364204407, 'device': 'cuda'}
{'step': 370, 'loss': 0.666067898273468, 'device': 'cuda'}
{'step': 375, 'loss': 0.7598345875740051, 'device': 'cuda'}
{'step': 380, 'loss': 0.7494388818740845, 'device': 'cuda'}
{'step': 385, 'loss': 0.6913076043128967, 'device': 'cuda'}
{'step': 390, 'loss': 0.7552674412727356, 'device': 'cuda'}
{'step': 395, 'loss': 0.6512854695320129, 'device': 'cuda'}
{'step': 400, 'loss': 0.6643033027648926, 'device': 'cuda'}
{'step': 405, 'loss': 0.7679226398468018, 'device': 'cuda'}
{'step': 410, 'loss': 0.6516979336738586, 'device': 'cuda'}
{'step': 415, 'loss': 0.7033897042274475, 'device': 'cuda'}
{'step': 420, 'loss': 0.7133796811103821, 'device': 'cuda'}
{'step': 425, 'loss': 0.6609203815460205, 'device': 'cuda'}
{'step': 430, 'loss': 0.6276242136955261, 'device': 'cuda'}
{'step': 435, 'loss': 0.7053713798522949, 'device': 'cuda'}
{'step': 440, 'loss': 0.686942458152771, 'device': 'cuda'}
{'step': 445, 'loss': 0.7041240334510803, 'device': 'cuda'}
{'step': 450, 'loss': 0.6599627137184143, 'device': 'cuda'}
{'step': 455, 'loss': 0.645086944103241, 'device': 'cuda'}
{'step': 460, 'loss': 0.6537732481956482, 'device': 'cuda'}
{'step': 465, 'loss': 0.6255584359169006, 'device': 'cuda'}
{'step': 470, 'loss': 0.622383177280426, 'device': 'cuda'}
{'step': 475, 'loss': 0.5977514386177063, 'device': 'cuda'}
{'step': 480, 'loss': 0.6941327452659607, 'device': 'cuda'}
{'step': 485, 'loss': 0.6175893545150757, 'device': 'cuda'}
{'step': 490, 'loss': 0.7013741731643677, 'device': 'cuda'}
{'step': 495, 'loss': 0.639397919178009, 'device': 'cuda'}
{'step': 500, 'loss': 0.6727607846260071, 'device': 'cuda'}
{'step': 505, 'loss': 0.6996076107025146, 'device': 'cuda'}
{'step': 510, 'loss': 0.6569469571113586, 'device': 'cuda'}
{'step': 515, 'loss': 0.6204807758331299, 'device': 'cuda'}
{'step': 520, 'loss': 0.7999669313430786, 'device': 'cuda'}
{'step': 525, 'loss': 0.6488640904426575, 'device': 'cuda'}
{'step': 530, 'loss': 0.5998555421829224, 'device': 'cuda'}
{'step': 535, 'loss': 0.6815086603164673, 'device': 'cuda'}
{'step': 540, 'loss': 0.5792626142501831, 'device': 'cuda'}
{'step': 545, 'loss': 0.6955803632736206, 'device': 'cuda'}
{'step': 550, 'loss': 0.6010597348213196, 'device': 'cuda'}
{'step': 555, 'loss': 0.6281366348266602, 'device': 'cuda'}
{'step': 560, 'loss': 0.6560975909233093, 'device': 'cuda'}
{'step': 565, 'loss': 0.6356757879257202, 'device': 'cuda'}
{'step': 570, 'loss': 0.599724531173706, 'device': 'cuda'}
{'step': 575, 'loss': 0.6170142889022827, 'device': 'cuda'}
{'step': 580, 'loss': 0.6616727709770203, 'device': 'cuda'}
{'step': 585, 'loss': 0.6096231341362, 'device': 'cuda'}
{'step': 590, 'loss': 0.6508660316467285, 'device': 'cuda'}
{'step': 595, 'loss': 0.5715523958206177, 'device': 'cuda'}
{'step': 600, 'loss': 0.591981053352356, 'device': 'cuda'}
{'step': 605, 'loss': 0.6106416583061218, 'device': 'cuda'}
{'step': 610, 'loss': 0.5709611177444458, 'device': 'cuda'}
{'step': 615, 'loss': 0.5861707329750061, 'device': 'cuda'}
{'step': 620, 'loss': 0.6743520498275757, 'device': 'cuda'}
{'step': 625, 'loss': 0.5807847380638123, 'device': 'cuda'}
{'step': 630, 'loss': 0.590537428855896, 'device': 'cuda'}
{'step': 635, 'loss': 0.5903893709182739, 'device': 'cuda'}
{'step': 640, 'loss': 0.5890920162200928, 'device': 'cuda'}
{'step': 645, 'loss': 0.6208202242851257, 'device': 'cuda'}
{'step': 650, 'loss': 0.6191374659538269, 'device': 'cuda'}
{'step': 655, 'loss': 0.5755545496940613, 'device': 'cuda'}
{'step': 660, 'loss': 0.6600119471549988, 'device': 'cuda'}
{'step': 665, 'loss': 0.5831010937690735, 'device': 'cuda'}
{'step': 670, 'loss': 0.6140425205230713, 'device': 'cuda'}
{'step': 675, 'loss': 0.5878192782402039, 'device': 'cuda'}
{'step': 680, 'loss': 0.6441091895103455, 'device': 'cuda'}
{'step': 685, 'loss': 0.5969518423080444, 'device': 'cuda'}
{'step': 690, 'loss': 0.5798417925834656, 'device': 'cuda'}
{'step': 695, 'loss': 0.6540089249610901, 'device': 'cuda'}
{'step': 700, 'loss': 0.5659470558166504, 'device': 'cuda'}
{'step': 705, 'loss': 0.5699412822723389, 'device': 'cuda'}
{'step': 710, 'loss': 0.5609849691390991, 'device': 'cuda'}
{'step': 715, 'loss': 0.5911617875099182, 'device': 'cuda'}
{'step': 720, 'loss': 0.5144712328910828, 'device': 'cuda'}
{'step': 725, 'loss': 0.5924787521362305, 'device': 'cuda'}
{'step': 730, 'loss': 0.6248034238815308, 'device': 'cuda'}
{'step': 735, 'loss': 0.5832070708274841, 'device': 'cuda'}
{'step': 740, 'loss': 0.575201153755188, 'device': 'cuda'}
{'step': 745, 'loss': 0.6107844114303589, 'device': 'cuda'}
{'step': 750, 'loss': 0.7649832963943481, 'device': 'cuda'}
{'step': 755, 'loss': 0.5562284588813782, 'device': 'cuda'}
{'step': 760, 'loss': 0.50068598985672, 'device': 'cuda'}
{'step': 765, 'loss': 0.5755777955055237, 'device': 'cuda'}
{'step': 770, 'loss': 0.5428186058998108, 'device': 'cuda'}
{'step': 775, 'loss': 0.5607742071151733, 'device': 'cuda'}
{'step': 780, 'loss': 0.5682992935180664, 'device': 'cuda'}
{'step': 785, 'loss': 0.5633282661437988, 'device': 'cuda'}
{'step': 790, 'loss': 0.6031417846679688, 'device': 'cuda'}
{'step': 795, 'loss': 0.5713342428207397, 'device': 'cuda'}
{'step': 800, 'loss': 0.5685645937919617, 'device': 'cuda'}
{'step': 805, 'loss': 0.5554730296134949, 'device': 'cuda'}
{'step': 810, 'loss': 0.5489729642868042, 'device': 'cuda'}
{'step': 815, 'loss': 0.6110480427742004, 'device': 'cuda'}
{'step': 820, 'loss': 0.5664641857147217, 'device': 'cuda'}
{'step': 825, 'loss': 0.5585941076278687, 'device': 'cuda'}
{'step': 830, 'loss': 0.5308211445808411, 'device': 'cuda'}
{'step': 835, 'loss': 0.6133987307548523, 'device': 'cuda'}
{'step': 840, 'loss': 0.588719367980957, 'device': 'cuda'}
{'step': 845, 'loss': 0.5273580551147461, 'device': 'cuda'}
{'step': 850, 'loss': 0.5730239748954773, 'device': 'cuda'}
{'step': 855, 'loss': 0.5662676692008972, 'device': 'cuda'}
{'step': 860, 'loss': 0.5614751577377319, 'device': 'cuda'}
{'step': 865, 'loss': 0.637830913066864, 'device': 'cuda'}
{'step': 870, 'loss': 0.5764718055725098, 'device': 'cuda'}
{'step': 875, 'loss': 0.5696102380752563, 'device': 'cuda'}
{'step': 880, 'loss': 0.5601887106895447, 'device': 'cuda'}
{'step': 885, 'loss': 0.5593997240066528, 'device': 'cuda'}
{'step': 890, 'loss': 0.5365951061248779, 'device': 'cuda'}
{'step': 895, 'loss': 0.5750022530555725, 'device': 'cuda'}
{'step': 900, 'loss': 0.5844358205795288, 'device': 'cuda'}
{'step': 905, 'loss': 0.538032591342926, 'device': 'cuda'}
{'step': 910, 'loss': 0.5356401205062866, 'device': 'cuda'}
{'step': 915, 'loss': 0.5402260422706604, 'device': 'cuda'}
{'step': 920, 'loss': 0.5539351105690002, 'device': 'cuda'}
{'step': 925, 'loss': 0.5774833559989929, 'device': 'cuda'}
{'step': 930, 'loss': 0.5217954516410828, 'device': 'cuda'}
{'step': 935, 'loss': 0.5816892385482788, 'device': 'cuda'}
{'step': 940, 'loss': 0.5976023077964783, 'device': 'cuda'}
{'step': 945, 'loss': 0.5290356278419495, 'device': 'cuda'}
{'step': 950, 'loss': 0.496488094329834, 'device': 'cuda'}
{'step': 955, 'loss': 0.5511592030525208, 'device': 'cuda'}
{'step': 960, 'loss': 0.509131908416748, 'device': 'cuda'}
{'step': 965, 'loss': 0.5656687617301941, 'device': 'cuda'}
{'step': 970, 'loss': 0.5511038899421692, 'device': 'cuda'}
{'step': 975, 'loss': 0.5170504450798035, 'device': 'cuda'}
{'step': 980, 'loss': 0.43888387084007263, 'device': 'cuda'}
{'step': 985, 'loss': 0.4952396750450134, 'device': 'cuda'}
{'step': 990, 'loss': 0.4635779559612274, 'device': 'cuda'}
{'step': 995, 'loss': 0.5143435597419739, 'device': 'cuda'}
{'step': 1000, 'loss': 0.5102319717407227, 'device': 'cuda'}
{'step': 1005, 'loss': 0.44861260056495667, 'device': 'cuda'}
{'step': 1010, 'loss': 0.5377199649810791, 'device': 'cuda'}
{'step': 1015, 'loss': 0.5579128861427307, 'device': 'cuda'}
{'step': 1020, 'loss': 0.5215795636177063, 'device': 'cuda'}
{'step': 1025, 'loss': 0.48765379190444946, 'device': 'cuda'}
{'step': 1030, 'loss': 0.46182873845100403, 'device': 'cuda'}
{'step': 1035, 'loss': 0.42473307251930237, 'device': 'cuda'}
{'step': 1040, 'loss': 0.4789010286331177, 'device': 'cuda'}
{'step': 1045, 'loss': 0.46634039282798767, 'device': 'cuda'}
{'step': 1050, 'loss': 0.5459648370742798, 'device': 'cuda'}
{'step': 1055, 'loss': 0.47529247403144836, 'device': 'cuda'}
{'step': 1060, 'loss': 0.5176673531532288, 'device': 'cuda'}
{'step': 1065, 'loss': 0.5172156691551208, 'device': 'cuda'}
{'step': 1070, 'loss': 0.4875219762325287, 'device': 'cuda'}
{'step': 1075, 'loss': 0.4586850702762604, 'device': 'cuda'}
{'step': 1080, 'loss': 0.49923956394195557, 'device': 'cuda'}
{'step': 1085, 'loss': 0.4537130892276764, 'device': 'cuda'}
{'step': 1090, 'loss': 0.42109259963035583, 'device': 'cuda'}
{'step': 1095, 'loss': 0.4472825527191162, 'device': 'cuda'}
{'step': 1100, 'loss': 0.5301902890205383, 'device': 'cuda'}
{'step': 1105, 'loss': 0.47270962595939636, 'device': 'cuda'}
{'step': 1110, 'loss': 0.48425620794296265, 'device': 'cuda'}
{'step': 1115, 'loss': 0.4163135290145874, 'device': 'cuda'}
{'step': 1120, 'loss': 0.4522444009780884, 'device': 'cuda'}
{'step': 1125, 'loss': 0.46595850586891174, 'device': 'cuda'}
{'step': 1130, 'loss': 0.39422881603240967, 'device': 'cuda'}
{'step': 1135, 'loss': 0.45522212982177734, 'device': 'cuda'}
{'step': 1140, 'loss': 0.40541771054267883, 'device': 'cuda'}
{'step': 1145, 'loss': 0.45617324113845825, 'device': 'cuda'}
{'step': 1150, 'loss': 0.4321584701538086, 'device': 'cuda'}
{'step': 1155, 'loss': 0.43187010288238525, 'device': 'cuda'}
{'step': 1160, 'loss': 0.39205506443977356, 'device': 'cuda'}
{'step': 1165, 'loss': 0.4188673794269562, 'device': 'cuda'}
{'step': 1170, 'loss': 0.4366096258163452, 'device': 'cuda'}
{'step': 1175, 'loss': 0.40059515833854675, 'device': 'cuda'}
{'step': 1180, 'loss': 0.28287866711616516, 'device': 'cuda'}
{'step': 1185, 'loss': 0.40208715200424194, 'device': 'cuda'}
{'step': 1190, 'loss': 0.37488308548927307, 'device': 'cuda'}
{'step': 1195, 'loss': 0.464385062456131, 'device': 'cuda'}
{'step': 1200, 'loss': 0.36466288566589355, 'device': 'cuda'}
{'step': 1205, 'loss': 0.4449405372142792, 'device': 'cuda'}
{'step': 1210, 'loss': 0.35433700680732727, 'device': 'cuda'}
{'step': 1215, 'loss': 0.33045437932014465, 'device': 'cuda'}
{'step': 1220, 'loss': 0.413720965385437, 'device': 'cuda'}
{'step': 1225, 'loss': 0.42944204807281494, 'device': 'cuda'}
{'step': 1230, 'loss': 0.36248886585235596, 'device': 'cuda'}
{'step': 1235, 'loss': 0.34137123823165894, 'device': 'cuda'}
{'step': 1240, 'loss': 0.38805046677589417, 'device': 'cuda'}
{'step': 1245, 'loss': 0.3984921872615814, 'device': 'cuda'}
{'step': 1250, 'loss': 0.26693490147590637, 'device': 'cuda'}
{'step': 1255, 'loss': 0.3394244611263275, 'device': 'cuda'}
{'step': 1260, 'loss': 0.33747175335884094, 'device': 'cuda'}
{'step': 1265, 'loss': 0.3674209415912628, 'device': 'cuda'}
{'step': 1270, 'loss': 0.2613939642906189, 'device': 'cuda'}
{'step': 1275, 'loss': 0.3729669749736786, 'device': 'cuda'}
{'step': 1280, 'loss': 0.3764115869998932, 'device': 'cuda'}
{'step': 1285, 'loss': 0.3067605495452881, 'device': 'cuda'}
{'step': 1290, 'loss': 0.3920123279094696, 'device': 'cuda'}
{'step': 1295, 'loss': 0.3761448860168457, 'device': 'cuda'}
{'step': 1300, 'loss': 0.3285670578479767, 'device': 'cuda'}
{'step': 1305, 'loss': 0.3034661114215851, 'device': 'cuda'}
{'step': 1310, 'loss': 0.34600913524627686, 'device': 'cuda'}
{'step': 1315, 'loss': 0.32435789704322815, 'device': 'cuda'}
{'step': 1320, 'loss': 0.34460148215293884, 'device': 'cuda'}
{'step': 1325, 'loss': 0.3041157126426697, 'device': 'cuda'}
{'step': 1330, 'loss': 0.3890135586261749, 'device': 'cuda'}
{'step': 1335, 'loss': 0.3538426458835602, 'device': 'cuda'}
{'step': 1340, 'loss': 0.4273087978363037, 'device': 'cuda'}
{'step': 1345, 'loss': 0.3465425372123718, 'device': 'cuda'}
{'step': 1350, 'loss': 0.2885311245918274, 'device': 'cuda'}
{'step': 1355, 'loss': 0.22466853260993958, 'device': 'cuda'}
{'step': 1360, 'loss': 0.30877605080604553, 'device': 'cuda'}
{'step': 1365, 'loss': 0.2354084849357605, 'device': 'cuda'}
{'step': 1370, 'loss': 0.34714579582214355, 'device': 'cuda'}
{'step': 1375, 'loss': 0.26713481545448303, 'device': 'cuda'}
{'step': 1380, 'loss': 0.3065965175628662, 'device': 'cuda'}
{'step': 1385, 'loss': 0.293744832277298, 'device': 'cuda'}
{'step': 1390, 'loss': 0.2902330458164215, 'device': 'cuda'}
{'step': 1395, 'loss': 0.3404369354248047, 'device': 'cuda'}
{'step': 1400, 'loss': 0.2756614685058594, 'device': 'cuda'}
{'step': 1405, 'loss': 0.24785026907920837, 'device': 'cuda'}
{'step': 1410, 'loss': 0.3022492825984955, 'device': 'cuda'}
{'step': 1415, 'loss': 0.238953098654747, 'device': 'cuda'}
{'step': 1420, 'loss': 0.3432564437389374, 'device': 'cuda'}
{'step': 1425, 'loss': 0.2426408976316452, 'device': 'cuda'}
{'step': 1430, 'loss': 0.25500544905662537, 'device': 'cuda'}
{'step': 1435, 'loss': 0.22314324975013733, 'device': 'cuda'}
{'step': 1440, 'loss': 0.2401609867811203, 'device': 'cuda'}
{'step': 1445, 'loss': 0.25005897879600525, 'device': 'cuda'}
{'step': 1450, 'loss': 0.3525567054748535, 'device': 'cuda'}
{'step': 1455, 'loss': 0.25999680161476135, 'device': 'cuda'}
{'step': 1460, 'loss': 0.31881242990493774, 'device': 'cuda'}
{'step': 1465, 'loss': 0.20900659263134003, 'device': 'cuda'}
{'step': 1470, 'loss': 0.2810046672821045, 'device': 'cuda'}
{'step': 1475, 'loss': 0.21866485476493835, 'device': 'cuda'}
{'step': 1480, 'loss': 0.1978553682565689, 'device': 'cuda'}
{'step': 1485, 'loss': 0.18085993826389313, 'device': 'cuda'}
{'step': 1490, 'loss': 0.22570931911468506, 'device': 'cuda'}
{'step': 1495, 'loss': 0.3196924030780792, 'device': 'cuda'}
{'step': 1500, 'loss': 0.28475362062454224, 'device': 'cuda'}
{'step': 1505, 'loss': 0.23284275829792023, 'device': 'cuda'}
{'step': 1510, 'loss': 0.2154245376586914, 'device': 'cuda'}
{'step': 1515, 'loss': 0.23893529176712036, 'device': 'cuda'}
{'step': 1520, 'loss': 0.2196982055902481, 'device': 'cuda'}
{'step': 1525, 'loss': 0.24834847450256348, 'device': 'cuda'}
{'step': 1530, 'loss': 0.2627131938934326, 'device': 'cuda'}
{'step': 1535, 'loss': 0.25996705889701843, 'device': 'cuda'}
{'step': 1540, 'loss': 0.19772310554981232, 'device': 'cuda'}
{'step': 1545, 'loss': 0.3069142997264862, 'device': 'cuda'}
{'step': 1550, 'loss': 0.19930985569953918, 'device': 'cuda'}
{'step': 1555, 'loss': 0.25798583030700684, 'device': 'cuda'}
{'step': 1560, 'loss': 0.2231595516204834, 'device': 'cuda'}
{'step': 1565, 'loss': 0.35643938183784485, 'device': 'cuda'}
{'step': 1570, 'loss': 0.24112524092197418, 'device': 'cuda'}
{'step': 1575, 'loss': 0.24997484683990479, 'device': 'cuda'}
{'step': 1580, 'loss': 0.2368360012769699, 'device': 'cuda'}
{'step': 1585, 'loss': 0.17951849102973938, 'device': 'cuda'}
{'step': 1590, 'loss': 0.27854490280151367, 'device': 'cuda'}
{'step': 1595, 'loss': 0.18675656616687775, 'device': 'cuda'}
{'step': 1600, 'loss': 0.14896057546138763, 'device': 'cuda'}
{'step': 1605, 'loss': 0.2645939290523529, 'device': 'cuda'}
{'step': 1610, 'loss': 0.22923389077186584, 'device': 'cuda'}
{'step': 1615, 'loss': 0.2414432168006897, 'device': 'cuda'}
{'step': 1620, 'loss': 0.14724305272102356, 'device': 'cuda'}
{'step': 1625, 'loss': 0.22206294536590576, 'device': 'cuda'}
{'step': 1630, 'loss': 0.21304774284362793, 'device': 'cuda'}
{'step': 1635, 'loss': 0.155692458152771, 'device': 'cuda'}
{'step': 1640, 'loss': 0.1699335128068924, 'device': 'cuda'}
{'step': 1645, 'loss': 0.1306934505701065, 'device': 'cuda'}
{'step': 1650, 'loss': 0.1795537918806076, 'device': 'cuda'}
{'step': 1655, 'loss': 0.21917180716991425, 'device': 'cuda'}
{'step': 1660, 'loss': 0.1176949068903923, 'device': 'cuda'}
{'step': 1665, 'loss': 0.21185842156410217, 'device': 'cuda'}
{'step': 1670, 'loss': 0.13047030568122864, 'device': 'cuda'}
{'step': 1675, 'loss': 0.12975741922855377, 'device': 'cuda'}
{'step': 1680, 'loss': 0.12791647017002106, 'device': 'cuda'}
{'step': 1685, 'loss': 0.13141939043998718, 'device': 'cuda'}
{'step': 1690, 'loss': 0.15765658020973206, 'device': 'cuda'}
{'step': 1695, 'loss': 0.16591553390026093, 'device': 'cuda'}
{'step': 1700, 'loss': 0.15490423142910004, 'device': 'cuda'}
{'step': 1705, 'loss': 0.20692996680736542, 'device': 'cuda'}
{'step': 1710, 'loss': 0.16754795610904694, 'device': 'cuda'}
{'step': 1715, 'loss': 0.1689775437116623, 'device': 'cuda'}
{'step': 1720, 'loss': 0.15904828906059265, 'device': 'cuda'}
{'step': 1725, 'loss': 0.20992371439933777, 'device': 'cuda'}
{'step': 1730, 'loss': 0.2704313397407532, 'device': 'cuda'}
{'step': 1735, 'loss': 0.16911359131336212, 'device': 'cuda'}
{'step': 1740, 'loss': 0.1948525309562683, 'device': 'cuda'}
{'step': 1745, 'loss': 0.17143775522708893, 'device': 'cuda'}
{'step': 1750, 'loss': 0.13068155944347382, 'device': 'cuda'}
{'step': 1755, 'loss': 0.1490979790687561, 'device': 'cuda'}
{'step': 1760, 'loss': 0.11593803763389587, 'device': 'cuda'}
{'step': 1765, 'loss': 0.18411774933338165, 'device': 'cuda'}
{'step': 1770, 'loss': 0.1376088261604309, 'device': 'cuda'}
{'step': 1775, 'loss': 0.17026656866073608, 'device': 'cuda'}
{'step': 1780, 'loss': 0.18268634378910065, 'device': 'cuda'}
{'step': 1785, 'loss': 0.19363142549991608, 'device': 'cuda'}
{'step': 1790, 'loss': 0.13763569295406342, 'device': 'cuda'}
{'step': 1795, 'loss': 0.15087376534938812, 'device': 'cuda'}
{'step': 1800, 'loss': 0.14671944081783295, 'device': 'cuda'}
{'step': 1805, 'loss': 0.19090476632118225, 'device': 'cuda'}
{'step': 1810, 'loss': 0.1703098565340042, 'device': 'cuda'}
{'step': 1815, 'loss': 0.11328114569187164, 'device': 'cuda'}
{'step': 1820, 'loss': 0.11170933395624161, 'device': 'cuda'}
{'step': 1825, 'loss': 0.12701444327831268, 'device': 'cuda'}
{'step': 1830, 'loss': 0.13834598660469055, 'device': 'cuda'}
{'step': 1835, 'loss': 0.140321746468544, 'device': 'cuda'}
{'step': 1840, 'loss': 0.11564334481954575, 'device': 'cuda'}
{'step': 1845, 'loss': 0.1488209366798401, 'device': 'cuda'}
{'step': 1850, 'loss': 0.10779962688684464, 'device': 'cuda'}
{'step': 1855, 'loss': 0.1492827832698822, 'device': 'cuda'}
{'step': 1860, 'loss': 0.12425259500741959, 'device': 'cuda'}
{'step': 1865, 'loss': 0.12200295180082321, 'device': 'cuda'}
{'step': 1870, 'loss': 0.13540756702423096, 'device': 'cuda'}
{'step': 1875, 'loss': 0.10459644347429276, 'device': 'cuda'}
{'step': 1880, 'loss': 0.15335993468761444, 'device': 'cuda'}
{'step': 1885, 'loss': 0.12253016978502274, 'device': 'cuda'}
{'step': 1890, 'loss': 0.15465712547302246, 'device': 'cuda'}
{'step': 1895, 'loss': 0.14966949820518494, 'device': 'cuda'}
{'step': 1900, 'loss': 0.10581645369529724, 'device': 'cuda'}
{'step': 1905, 'loss': 0.07653754949569702, 'device': 'cuda'}
{'step': 1910, 'loss': 0.13195669651031494, 'device': 'cuda'}
{'step': 1915, 'loss': 0.12650106847286224, 'device': 'cuda'}
{'step': 1920, 'loss': 0.145708829164505, 'device': 'cuda'}
{'step': 1925, 'loss': 0.1558018922805786, 'device': 'cuda'}
{'step': 1930, 'loss': 0.08067494630813599, 'device': 'cuda'}
{'step': 1935, 'loss': 0.13288302719593048, 'device': 'cuda'}
{'step': 1940, 'loss': 0.1341935247182846, 'device': 'cuda'}
{'step': 1945, 'loss': 0.09881811589002609, 'device': 'cuda'}
{'step': 1950, 'loss': 0.11229386180639267, 'device': 'cuda'}
{'step': 1955, 'loss': 0.10859045386314392, 'device': 'cuda'}
{'step': 1960, 'loss': 0.1825801134109497, 'device': 'cuda'}
{'step': 1965, 'loss': 0.12142693996429443, 'device': 'cuda'}
{'step': 1970, 'loss': 0.11067100614309311, 'device': 'cuda'}
{'step': 1975, 'loss': 0.18989305198192596, 'device': 'cuda'}
{'step': 1980, 'loss': 0.24836225807666779, 'device': 'cuda'}
{'step': 1985, 'loss': 0.09795057028532028, 'device': 'cuda'}
{'step': 1990, 'loss': 0.1115013137459755, 'device': 'cuda'}
{'step': 1995, 'loss': 0.14124631881713867, 'device': 'cuda'}
{'step': 2000, 'loss': 0.18096549808979034, 'device': 'cuda'}
{'forward': {'exact_match_rate': 0.0, 'numeric_success_rate': 0.0, 'invalid_rate': 0.0}, 'step': 2000}
{'step': 2005, 'loss': 0.15313957631587982, 'device': 'cuda'}
{'step': 2010, 'loss': 0.13766704499721527, 'device': 'cuda'}
{'step': 2015, 'loss': 0.09556182473897934, 'device': 'cuda'}
{'step': 2020, 'loss': 0.11152012646198273, 'device': 'cuda'}
{'step': 2025, 'loss': 0.09042152017354965, 'device': 'cuda'}
{'step': 2030, 'loss': 0.13537810742855072, 'device': 'cuda'}
{'step': 2035, 'loss': 0.07054553925991058, 'device': 'cuda'}
{'step': 2040, 'loss': 0.09058022499084473, 'device': 'cuda'}
{'step': 2045, 'loss': 0.07847939431667328, 'device': 'cuda'}
{'step': 2050, 'loss': 0.15941151976585388, 'device': 'cuda'}
{'step': 2055, 'loss': 0.12265044450759888, 'device': 'cuda'}
{'step': 2060, 'loss': 0.07769503444433212, 'device': 'cuda'}
{'step': 2065, 'loss': 0.14122535288333893, 'device': 'cuda'}
{'step': 2070, 'loss': 0.15590642392635345, 'device': 'cuda'}
{'step': 2075, 'loss': 0.11256280541419983, 'device': 'cuda'}
{'step': 2080, 'loss': 0.10474877804517746, 'device': 'cuda'}
{'step': 2085, 'loss': 0.06597232073545456, 'device': 'cuda'}
{'step': 2090, 'loss': 0.12999729812145233, 'device': 'cuda'}
{'step': 2095, 'loss': 0.11992986500263214, 'device': 'cuda'}
{'step': 2100, 'loss': 0.14165039360523224, 'device': 'cuda'}
{'step': 2105, 'loss': 0.12249208241701126, 'device': 'cuda'}
{'step': 2110, 'loss': 0.15031419694423676, 'device': 'cuda'}
{'step': 2115, 'loss': 0.10337194055318832, 'device': 'cuda'}
{'step': 2120, 'loss': 0.13904277980327606, 'device': 'cuda'}
{'step': 2125, 'loss': 0.08278404921293259, 'device': 'cuda'}
{'step': 2130, 'loss': 0.12140742689371109, 'device': 'cuda'}
{'step': 2135, 'loss': 0.0793256163597107, 'device': 'cuda'}
{'step': 2140, 'loss': 0.11534689366817474, 'device': 'cuda'}
{'step': 2145, 'loss': 0.13472764194011688, 'device': 'cuda'}
{'step': 2150, 'loss': 0.0708574652671814, 'device': 'cuda'}
{'step': 2155, 'loss': 0.12379302829504013, 'device': 'cuda'}
{'step': 2160, 'loss': 0.14890335500240326, 'device': 'cuda'}
{'step': 2165, 'loss': 0.10100264102220535, 'device': 'cuda'}
{'step': 2170, 'loss': 0.1355850249528885, 'device': 'cuda'}
{'step': 2175, 'loss': 0.14181384444236755, 'device': 'cuda'}
{'step': 2180, 'loss': 0.0820528194308281, 'device': 'cuda'}
{'step': 2185, 'loss': 0.13206398487091064, 'device': 'cuda'}
{'step': 2190, 'loss': 0.10729243606328964, 'device': 'cuda'}
{'step': 2195, 'loss': 0.12063471227884293, 'device': 'cuda'}
{'step': 2200, 'loss': 0.07029170542955399, 'device': 'cuda'}
{'step': 2205, 'loss': 0.08663395792245865, 'device': 'cuda'}
{'step': 2210, 'loss': 0.09770171344280243, 'device': 'cuda'}
{'step': 2215, 'loss': 0.10990237444639206, 'device': 'cuda'}
{'step': 2220, 'loss': 0.09795857220888138, 'device': 'cuda'}
{'step': 2225, 'loss': 0.14829321205615997, 'device': 'cuda'}
{'step': 2230, 'loss': 0.14073672890663147, 'device': 'cuda'}
{'step': 2235, 'loss': 0.11694295704364777, 'device': 'cuda'}
{'step': 2240, 'loss': 0.09591874480247498, 'device': 'cuda'}
{'step': 2245, 'loss': 0.13664649426937103, 'device': 'cuda'}
{'step': 2250, 'loss': 0.08384930342435837, 'device': 'cuda'}
{'step': 2255, 'loss': 0.09277983009815216, 'device': 'cuda'}
{'step': 2260, 'loss': 0.15835686028003693, 'device': 'cuda'}
{'step': 2265, 'loss': 0.0600648857653141, 'device': 'cuda'}
{'step': 2270, 'loss': 0.1117812842130661, 'device': 'cuda'}
{'step': 2275, 'loss': 0.11879633367061615, 'device': 'cuda'}
{'step': 2280, 'loss': 0.09737697243690491, 'device': 'cuda'}
{'step': 2285, 'loss': 0.13335026800632477, 'device': 'cuda'}
{'step': 2290, 'loss': 0.09661445021629333, 'device': 'cuda'}
{'step': 2295, 'loss': 0.11680248379707336, 'device': 'cuda'}
{'step': 2300, 'loss': 0.07815681397914886, 'device': 'cuda'}
{'step': 2305, 'loss': 0.10665085166692734, 'device': 'cuda'}
{'step': 2310, 'loss': 0.10800710320472717, 'device': 'cuda'}
{'step': 2315, 'loss': 0.10494326800107956, 'device': 'cuda'}
{'step': 2320, 'loss': 0.11367693543434143, 'device': 'cuda'}
{'step': 2325, 'loss': 0.11677683889865875, 'device': 'cuda'}
{'step': 2330, 'loss': 0.12090349197387695, 'device': 'cuda'}
{'step': 2335, 'loss': 0.16131874918937683, 'device': 'cuda'}
{'step': 2340, 'loss': 0.14076456427574158, 'device': 'cuda'}
{'step': 2345, 'loss': 0.0984378531575203, 'device': 'cuda'}
{'step': 2350, 'loss': 0.10998011380434036, 'device': 'cuda'}
{'step': 2355, 'loss': 0.129416823387146, 'device': 'cuda'}
{'step': 2360, 'loss': 0.12047859281301498, 'device': 'cuda'}
{'step': 2365, 'loss': 0.100827157497406, 'device': 'cuda'}
{'step': 2370, 'loss': 0.13970717787742615, 'device': 'cuda'}
{'step': 2375, 'loss': 0.1169467344880104, 'device': 'cuda'}
{'step': 2380, 'loss': 0.09156697243452072, 'device': 'cuda'}
{'step': 2385, 'loss': 0.09117221087217331, 'device': 'cuda'}
{'step': 2390, 'loss': 0.0420435294508934, 'device': 'cuda'}
{'step': 2395, 'loss': 0.10500945895910263, 'device': 'cuda'}
{'step': 2400, 'loss': 0.11653612554073334, 'device': 'cuda'}
{'step': 2405, 'loss': 0.09735791385173798, 'device': 'cuda'}
{'step': 2410, 'loss': 0.09619461745023727, 'device': 'cuda'}
{'step': 2415, 'loss': 0.11378570646047592, 'device': 'cuda'}
{'step': 2420, 'loss': 0.10208331793546677, 'device': 'cuda'}
{'step': 2425, 'loss': 0.10446120798587799, 'device': 'cuda'}
{'step': 2430, 'loss': 0.09828553348779678, 'device': 'cuda'}
{'step': 2435, 'loss': 0.06847362965345383, 'device': 'cuda'}
{'step': 2440, 'loss': 0.1603332757949829, 'device': 'cuda'}
{'step': 2445, 'loss': 0.11058685928583145, 'device': 'cuda'}
{'step': 2450, 'loss': 0.09192762523889542, 'device': 'cuda'}
{'step': 2455, 'loss': 0.1235344335436821, 'device': 'cuda'}
{'step': 2460, 'loss': 0.08348555117845535, 'device': 'cuda'}
{'step': 2465, 'loss': 0.04892417788505554, 'device': 'cuda'}
{'step': 2470, 'loss': 0.13126009702682495, 'device': 'cuda'}
{'step': 2475, 'loss': 0.09870459139347076, 'device': 'cuda'}
{'step': 2480, 'loss': 0.09533396363258362, 'device': 'cuda'}
{'step': 2485, 'loss': 0.07579823583364487, 'device': 'cuda'}
{'step': 2490, 'loss': 0.0652782991528511, 'device': 'cuda'}
{'step': 2495, 'loss': 0.12562283873558044, 'device': 'cuda'}
{'step': 2500, 'loss': 0.05918815732002258, 'device': 'cuda'}
{'step': 2505, 'loss': 0.050909388810396194, 'device': 'cuda'}
{'step': 2510, 'loss': 0.07132044434547424, 'device': 'cuda'}
{'step': 2515, 'loss': 0.08643534034490585, 'device': 'cuda'}
{'step': 2520, 'loss': 0.060351453721523285, 'device': 'cuda'}
{'step': 2525, 'loss': 0.11666151136159897, 'device': 'cuda'}
{'step': 2530, 'loss': 0.0869511216878891, 'device': 'cuda'}
{'step': 2535, 'loss': 0.1212131604552269, 'device': 'cuda'}
{'step': 2540, 'loss': 0.12040922790765762, 'device': 'cuda'}
{'step': 2545, 'loss': 0.09639903157949448, 'device': 'cuda'}
{'step': 2550, 'loss': 0.0804123729467392, 'device': 'cuda'}
{'step': 2555, 'loss': 0.07346617430448532, 'device': 'cuda'}
{'step': 2560, 'loss': 0.09246423840522766, 'device': 'cuda'}
{'step': 2565, 'loss': 0.057629507035017014, 'device': 'cuda'}
{'step': 2570, 'loss': 0.050479456782341, 'device': 'cuda'}
{'step': 2575, 'loss': 0.09698500484228134, 'device': 'cuda'}
{'step': 2580, 'loss': 0.0608389787375927, 'device': 'cuda'}
{'step': 2585, 'loss': 0.08298465609550476, 'device': 'cuda'}
{'step': 2590, 'loss': 0.15939415991306305, 'device': 'cuda'}
{'step': 2595, 'loss': 0.07692206650972366, 'device': 'cuda'}
{'step': 2600, 'loss': 0.08238566666841507, 'device': 'cuda'}
{'step': 2605, 'loss': 0.05745749920606613, 'device': 'cuda'}
{'step': 2610, 'loss': 0.032574668526649475, 'device': 'cuda'}
{'step': 2615, 'loss': 0.06820477545261383, 'device': 'cuda'}
{'step': 2620, 'loss': 0.08641801029443741, 'device': 'cuda'}
{'step': 2625, 'loss': 0.0539601631462574, 'device': 'cuda'}
{'step': 2630, 'loss': 0.05628487467765808, 'device': 'cuda'}
{'step': 2635, 'loss': 0.03763466700911522, 'device': 'cuda'}
{'step': 2640, 'loss': 0.10238055884838104, 'device': 'cuda'}
{'step': 2645, 'loss': 0.09015227854251862, 'device': 'cuda'}
{'step': 2650, 'loss': 0.06347472965717316, 'device': 'cuda'}
{'step': 2655, 'loss': 0.09078536927700043, 'device': 'cuda'}
{'step': 2660, 'loss': 0.06262246519327164, 'device': 'cuda'}
{'step': 2665, 'loss': 0.10843941569328308, 'device': 'cuda'}
{'step': 2670, 'loss': 0.08226221054792404, 'device': 'cuda'}
{'step': 2675, 'loss': 0.08573725074529648, 'device': 'cuda'}
{'step': 2680, 'loss': 0.0875280424952507, 'device': 'cuda'}
{'step': 2685, 'loss': 0.08600274473428726, 'device': 'cuda'}
{'step': 2690, 'loss': 0.057307351380586624, 'device': 'cuda'}
{'step': 2695, 'loss': 0.11644966900348663, 'device': 'cuda'}
{'step': 2700, 'loss': 0.10315105319023132, 'device': 'cuda'}
{'step': 2705, 'loss': 0.040057048201560974, 'device': 'cuda'}
{'step': 2710, 'loss': 0.11600084602832794, 'device': 'cuda'}
{'step': 2715, 'loss': 0.05600816756486893, 'device': 'cuda'}
{'step': 2720, 'loss': 0.09041211754083633, 'device': 'cuda'}
{'step': 2725, 'loss': 0.09454447776079178, 'device': 'cuda'}
{'step': 2730, 'loss': 0.19726864993572235, 'device': 'cuda'}
{'step': 2735, 'loss': 0.11254412680864334, 'device': 'cuda'}
{'step': 2740, 'loss': 0.06755280494689941, 'device': 'cuda'}
{'step': 2745, 'loss': 0.08390748500823975, 'device': 'cuda'}
{'step': 2750, 'loss': 0.0865071639418602, 'device': 'cuda'}
{'step': 2755, 'loss': 0.0861346647143364, 'device': 'cuda'}
{'step': 2760, 'loss': 0.07422421872615814, 'device': 'cuda'}
{'step': 2765, 'loss': 0.062264345586299896, 'device': 'cuda'}
{'step': 2770, 'loss': 0.08775956928730011, 'device': 'cuda'}
{'step': 2775, 'loss': 0.08871345967054367, 'device': 'cuda'}
{'step': 2780, 'loss': 0.0696277841925621, 'device': 'cuda'}
{'step': 2785, 'loss': 0.07528340816497803, 'device': 'cuda'}
{'step': 2790, 'loss': 0.08825642615556717, 'device': 'cuda'}
{'step': 2795, 'loss': 0.08051863312721252, 'device': 'cuda'}
{'step': 2800, 'loss': 0.10525193065404892, 'device': 'cuda'}
{'step': 2805, 'loss': 0.07744060456752777, 'device': 'cuda'}
{'step': 2810, 'loss': 0.12409571558237076, 'device': 'cuda'}
{'step': 2815, 'loss': 0.0787297710776329, 'device': 'cuda'}
{'step': 2820, 'loss': 0.07991035282611847, 'device': 'cuda'}
{'step': 2825, 'loss': 0.0778997391462326, 'device': 'cuda'}
{'step': 2830, 'loss': 0.10254593193531036, 'device': 'cuda'}
{'step': 2835, 'loss': 0.05853108689188957, 'device': 'cuda'}
{'step': 2840, 'loss': 0.06973706930875778, 'device': 'cuda'}
{'step': 2845, 'loss': 0.0918935239315033, 'device': 'cuda'}
{'step': 2850, 'loss': 0.08582741022109985, 'device': 'cuda'}
{'step': 2855, 'loss': 0.09996066987514496, 'device': 'cuda'}
{'step': 2860, 'loss': 0.06574544310569763, 'device': 'cuda'}
{'step': 2865, 'loss': 0.0876646339893341, 'device': 'cuda'}
{'step': 2870, 'loss': 0.07788614183664322, 'device': 'cuda'}
{'step': 2875, 'loss': 0.09812189638614655, 'device': 'cuda'}
{'step': 2880, 'loss': 0.08503898978233337, 'device': 'cuda'}
{'step': 2885, 'loss': 0.09690187871456146, 'device': 'cuda'}
{'step': 2890, 'loss': 0.0991102084517479, 'device': 'cuda'}
{'step': 2895, 'loss': 0.05829882621765137, 'device': 'cuda'}
{'step': 2900, 'loss': 0.08746514469385147, 'device': 'cuda'}
{'step': 2905, 'loss': 0.06362345814704895, 'device': 'cuda'}
{'step': 2910, 'loss': 0.08265134692192078, 'device': 'cuda'}
{'step': 2915, 'loss': 0.07785233110189438, 'device': 'cuda'}
{'step': 2920, 'loss': 0.0871616005897522, 'device': 'cuda'}
{'step': 2925, 'loss': 0.07800091058015823, 'device': 'cuda'}
{'step': 2930, 'loss': 0.03638184443116188, 'device': 'cuda'}
{'step': 2935, 'loss': 0.08419063687324524, 'device': 'cuda'}
{'step': 2940, 'loss': 0.06231044977903366, 'device': 'cuda'}
{'step': 2945, 'loss': 0.10991300642490387, 'device': 'cuda'}
{'step': 2950, 'loss': 0.09877792745828629, 'device': 'cuda'}
{'step': 2955, 'loss': 0.06896379590034485, 'device': 'cuda'}
{'step': 2960, 'loss': 0.08649655431509018, 'device': 'cuda'}
{'step': 2965, 'loss': 0.06286893784999847, 'device': 'cuda'}
{'step': 2970, 'loss': 0.042722318321466446, 'device': 'cuda'}
{'step': 2975, 'loss': 0.04952685162425041, 'device': 'cuda'}
{'step': 2980, 'loss': 0.08785068988800049, 'device': 'cuda'}
{'step': 2985, 'loss': 0.07234640419483185, 'device': 'cuda'}
{'step': 2990, 'loss': 0.09108486771583557, 'device': 'cuda'}
{'step': 2995, 'loss': 0.06236804276704788, 'device': 'cuda'}
{'step': 3000, 'loss': 0.08715970814228058, 'device': 'cuda'}
{'step': 3005, 'loss': 0.05935322865843773, 'device': 'cuda'}
{'step': 3010, 'loss': 0.05283922702074051, 'device': 'cuda'}
{'step': 3015, 'loss': 0.04519978538155556, 'device': 'cuda'}
{'step': 3020, 'loss': 0.05677707865834236, 'device': 'cuda'}
{'step': 3025, 'loss': 0.06392419338226318, 'device': 'cuda'}
{'step': 3030, 'loss': 0.07609456777572632, 'device': 'cuda'}
{'step': 3035, 'loss': 0.07448623329401016, 'device': 'cuda'}
{'step': 3040, 'loss': 0.04857504367828369, 'device': 'cuda'}
{'step': 3045, 'loss': 0.06383399665355682, 'device': 'cuda'}
{'step': 3050, 'loss': 0.08680848777294159, 'device': 'cuda'}
{'step': 3055, 'loss': 0.043605986982584, 'device': 'cuda'}
{'step': 3060, 'loss': 0.07100089639425278, 'device': 'cuda'}
{'step': 3065, 'loss': 0.07581507414579391, 'device': 'cuda'}
{'step': 3070, 'loss': 0.033343490213155746, 'device': 'cuda'}
{'step': 3075, 'loss': 0.09910649061203003, 'device': 'cuda'}
{'step': 3080, 'loss': 0.039866913110017776, 'device': 'cuda'}
{'step': 3085, 'loss': 0.08039028942584991, 'device': 'cuda'}
{'step': 3090, 'loss': 0.04922547936439514, 'device': 'cuda'}
{'step': 3095, 'loss': 0.06633292883634567, 'device': 'cuda'}
{'step': 3100, 'loss': 0.06521447747945786, 'device': 'cuda'}
{'step': 3105, 'loss': 0.05605288967490196, 'device': 'cuda'}
{'step': 3110, 'loss': 0.10783408582210541, 'device': 'cuda'}
{'step': 3115, 'loss': 0.06243669614195824, 'device': 'cuda'}
{'step': 3120, 'loss': 0.050467558205127716, 'device': 'cuda'}
{'step': 3125, 'loss': 0.059611912816762924, 'device': 'cuda'}
{'step': 3130, 'loss': 0.0791090801358223, 'device': 'cuda'}
{'step': 3135, 'loss': 0.06570455431938171, 'device': 'cuda'}
{'step': 3140, 'loss': 0.033171217888593674, 'device': 'cuda'}
{'step': 3145, 'loss': 0.046663857996463776, 'device': 'cuda'}
{'step': 3150, 'loss': 0.06770757585763931, 'device': 'cuda'}
{'step': 3155, 'loss': 0.06678930670022964, 'device': 'cuda'}
{'step': 3160, 'loss': 0.06291818618774414, 'device': 'cuda'}
{'step': 3165, 'loss': 0.06278833746910095, 'device': 'cuda'}
{'step': 3170, 'loss': 0.04578373208642006, 'device': 'cuda'}
{'step': 3175, 'loss': 0.09134085476398468, 'device': 'cuda'}
{'step': 3180, 'loss': 0.056868501007556915, 'device': 'cuda'}
{'step': 3185, 'loss': 0.05283325910568237, 'device': 'cuda'}
{'step': 3190, 'loss': 0.06590898334980011, 'device': 'cuda'}
{'step': 3195, 'loss': 0.06930562108755112, 'device': 'cuda'}
{'step': 3200, 'loss': 0.06512782722711563, 'device': 'cuda'}
{'step': 3205, 'loss': 0.13320958614349365, 'device': 'cuda'}
{'step': 3210, 'loss': 0.06980288773775101, 'device': 'cuda'}
{'step': 3215, 'loss': 0.046174079179763794, 'device': 'cuda'}
{'step': 3220, 'loss': 0.08000227063894272, 'device': 'cuda'}
{'step': 3225, 'loss': 0.06290128827095032, 'device': 'cuda'}
{'step': 3230, 'loss': 0.06966007500886917, 'device': 'cuda'}
{'step': 3235, 'loss': 0.08241124451160431, 'device': 'cuda'}
{'step': 3240, 'loss': 0.06135408952832222, 'device': 'cuda'}
{'step': 3245, 'loss': 0.0777420625090599, 'device': 'cuda'}
{'step': 3250, 'loss': 0.05720522627234459, 'device': 'cuda'}
{'step': 3255, 'loss': 0.07132827490568161, 'device': 'cuda'}
{'step': 3260, 'loss': 0.10609755665063858, 'device': 'cuda'}
{'step': 3265, 'loss': 0.07749691605567932, 'device': 'cuda'}
{'step': 3270, 'loss': 0.0565817691385746, 'device': 'cuda'}
{'step': 3275, 'loss': 0.07643190026283264, 'device': 'cuda'}
{'step': 3280, 'loss': 0.10617845505475998, 'device': 'cuda'}
{'step': 3285, 'loss': 0.06357147544622421, 'device': 'cuda'}
{'step': 3290, 'loss': 0.07225566357374191, 'device': 'cuda'}
{'step': 3295, 'loss': 0.07441418617963791, 'device': 'cuda'}
{'step': 3300, 'loss': 0.07815519720315933, 'device': 'cuda'}
{'step': 3305, 'loss': 0.08552079647779465, 'device': 'cuda'}
{'step': 3310, 'loss': 0.06802555173635483, 'device': 'cuda'}
{'step': 3315, 'loss': 0.0784827247262001, 'device': 'cuda'}
{'step': 3320, 'loss': 0.04638631269335747, 'device': 'cuda'}
{'step': 3325, 'loss': 0.04429659619927406, 'device': 'cuda'}
{'step': 3330, 'loss': 0.08513647317886353, 'device': 'cuda'}
{'step': 3335, 'loss': 0.07765545696020126, 'device': 'cuda'}
{'step': 3340, 'loss': 0.06989576667547226, 'device': 'cuda'}
{'step': 3345, 'loss': 0.0747431293129921, 'device': 'cuda'}
{'step': 3350, 'loss': 0.052924659103155136, 'device': 'cuda'}
{'step': 3355, 'loss': 0.038508303463459015, 'device': 'cuda'}
{'step': 3360, 'loss': 0.05503452569246292, 'device': 'cuda'}
{'step': 3365, 'loss': 0.10120882093906403, 'device': 'cuda'}
{'step': 3370, 'loss': 0.10343130677938461, 'device': 'cuda'}
{'step': 3375, 'loss': 0.08168930560350418, 'device': 'cuda'}
{'step': 3380, 'loss': 0.06213169917464256, 'device': 'cuda'}
{'step': 3385, 'loss': 0.07929513603448868, 'device': 'cuda'}
{'step': 3390, 'loss': 0.056904859840869904, 'device': 'cuda'}
{'step': 3395, 'loss': 0.04404773190617561, 'device': 'cuda'}
{'step': 3400, 'loss': 0.06600853055715561, 'device': 'cuda'}
{'step': 3405, 'loss': 0.07264535874128342, 'device': 'cuda'}
{'step': 3410, 'loss': 0.08293814957141876, 'device': 'cuda'}
{'step': 3415, 'loss': 0.06313376128673553, 'device': 'cuda'}
{'step': 3420, 'loss': 0.0559258908033371, 'device': 'cuda'}
{'step': 3425, 'loss': 0.04156273230910301, 'device': 'cuda'}
{'step': 3430, 'loss': 0.06914922595024109, 'device': 'cuda'}
{'step': 3435, 'loss': 0.07017955183982849, 'device': 'cuda'}
{'step': 3440, 'loss': 0.04410139471292496, 'device': 'cuda'}
{'step': 3445, 'loss': 0.07733501493930817, 'device': 'cuda'}
{'step': 3450, 'loss': 0.047402821481227875, 'device': 'cuda'}
{'step': 3455, 'loss': 0.09697408974170685, 'device': 'cuda'}
{'step': 3460, 'loss': 0.047822337597608566, 'device': 'cuda'}
{'step': 3465, 'loss': 0.05471055582165718, 'device': 'cuda'}
{'step': 3470, 'loss': 0.06584413349628448, 'device': 'cuda'}
{'step': 3475, 'loss': 0.07568719983100891, 'device': 'cuda'}
{'step': 3480, 'loss': 0.08104872703552246, 'device': 'cuda'}
{'step': 3485, 'loss': 0.09097417443990707, 'device': 'cuda'}
{'step': 3490, 'loss': 0.0772433951497078, 'device': 'cuda'}
{'step': 3495, 'loss': 0.0659395381808281, 'device': 'cuda'}
{'step': 3500, 'loss': 0.07335146516561508, 'device': 'cuda'}
{'step': 3505, 'loss': 0.06881681829690933, 'device': 'cuda'}
{'step': 3510, 'loss': 0.08518145233392715, 'device': 'cuda'}
{'step': 3515, 'loss': 0.07252123206853867, 'device': 'cuda'}
{'step': 3520, 'loss': 0.0684216171503067, 'device': 'cuda'}
{'step': 3525, 'loss': 0.06045962870121002, 'device': 'cuda'}
{'step': 3530, 'loss': 0.06136573478579521, 'device': 'cuda'}
{'step': 3535, 'loss': 0.0893457755446434, 'device': 'cuda'}
{'step': 3540, 'loss': 0.07563532888889313, 'device': 'cuda'}
{'step': 3545, 'loss': 0.03209114819765091, 'device': 'cuda'}
{'step': 3550, 'loss': 0.07044099271297455, 'device': 'cuda'}
{'step': 3555, 'loss': 0.06017495319247246, 'device': 'cuda'}
{'step': 3560, 'loss': 0.0810278058052063, 'device': 'cuda'}
{'step': 3565, 'loss': 0.08467214554548264, 'device': 'cuda'}
{'step': 3570, 'loss': 0.07003109157085419, 'device': 'cuda'}
{'step': 3575, 'loss': 0.0859728455543518, 'device': 'cuda'}
{'step': 3580, 'loss': 0.0418294221162796, 'device': 'cuda'}
{'step': 3585, 'loss': 0.04779267683625221, 'device': 'cuda'}
{'step': 3590, 'loss': 0.07362956553697586, 'device': 'cuda'}
{'step': 3595, 'loss': 0.0696062296628952, 'device': 'cuda'}
{'step': 3600, 'loss': 0.1057768315076828, 'device': 'cuda'}
{'step': 3605, 'loss': 0.07681030035018921, 'device': 'cuda'}
{'step': 3610, 'loss': 0.031973544508218765, 'device': 'cuda'}
{'step': 3615, 'loss': 0.0376441590487957, 'device': 'cuda'}
{'step': 3620, 'loss': 0.05356915667653084, 'device': 'cuda'}
{'step': 3625, 'loss': 0.06328815966844559, 'device': 'cuda'}
{'step': 3630, 'loss': 0.05577056109905243, 'device': 'cuda'}
{'step': 3635, 'loss': 0.06143307685852051, 'device': 'cuda'}
{'step': 3640, 'loss': 0.06397821754217148, 'device': 'cuda'}
{'step': 3645, 'loss': 0.02649235539138317, 'device': 'cuda'}
{'step': 3650, 'loss': 0.08406295627355576, 'device': 'cuda'}
{'step': 3655, 'loss': 0.056856319308280945, 'device': 'cuda'}
{'step': 3660, 'loss': 0.059257470071315765, 'device': 'cuda'}
{'step': 3665, 'loss': 0.06292793899774551, 'device': 'cuda'}
{'step': 3670, 'loss': 0.0329582504928112, 'device': 'cuda'}
{'step': 3675, 'loss': 0.054126519709825516, 'device': 'cuda'}
{'step': 3680, 'loss': 0.06727393716573715, 'device': 'cuda'}
{'step': 3685, 'loss': 0.055885933339595795, 'device': 'cuda'}
{'step': 3690, 'loss': 0.08158111572265625, 'device': 'cuda'}
{'step': 3695, 'loss': 0.06735699623823166, 'device': 'cuda'}
{'step': 3700, 'loss': 0.05031761899590492, 'device': 'cuda'}
{'step': 3705, 'loss': 0.06847722083330154, 'device': 'cuda'}
{'step': 3710, 'loss': 0.06699028611183167, 'device': 'cuda'}
{'step': 3715, 'loss': 0.06875760108232498, 'device': 'cuda'}
{'step': 3720, 'loss': 0.04174618795514107, 'device': 'cuda'}
{'step': 3725, 'loss': 0.05775407701730728, 'device': 'cuda'}
{'step': 3730, 'loss': 0.07643789798021317, 'device': 'cuda'}
{'step': 3735, 'loss': 0.03689209371805191, 'device': 'cuda'}
{'step': 3740, 'loss': 0.06959491968154907, 'device': 'cuda'}
{'step': 3745, 'loss': 0.05416572093963623, 'device': 'cuda'}
{'step': 3750, 'loss': 0.03869997337460518, 'device': 'cuda'}
{'step': 3755, 'loss': 0.05816984549164772, 'device': 'cuda'}
{'step': 3760, 'loss': 0.08565624803304672, 'device': 'cuda'}
{'step': 3765, 'loss': 0.04579072818160057, 'device': 'cuda'}
{'step': 3770, 'loss': 0.051863573491573334, 'device': 'cuda'}
{'step': 3775, 'loss': 0.07015261799097061, 'device': 'cuda'}
{'step': 3780, 'loss': 0.05582980066537857, 'device': 'cuda'}
{'step': 3785, 'loss': 0.05105317384004593, 'device': 'cuda'}
{'step': 3790, 'loss': 0.07078126072883606, 'device': 'cuda'}
{'step': 3795, 'loss': 0.06718722730875015, 'device': 'cuda'}
{'step': 3800, 'loss': 0.05426061153411865, 'device': 'cuda'}
{'step': 3805, 'loss': 0.05714979022741318, 'device': 'cuda'}
{'step': 3810, 'loss': 0.0697469562292099, 'device': 'cuda'}
{'step': 3815, 'loss': 0.056767091155052185, 'device': 'cuda'}
{'step': 3820, 'loss': 0.0695774257183075, 'device': 'cuda'}
{'step': 3825, 'loss': 0.0724012702703476, 'device': 'cuda'}
{'step': 3830, 'loss': 0.07936915755271912, 'device': 'cuda'}
{'step': 3835, 'loss': 0.10189925879240036, 'device': 'cuda'}
{'step': 3840, 'loss': 0.06327280402183533, 'device': 'cuda'}
{'step': 3845, 'loss': 0.045116495341062546, 'device': 'cuda'}
{'step': 3850, 'loss': 0.05417851731181145, 'device': 'cuda'}
{'step': 3855, 'loss': 0.06804261356592178, 'device': 'cuda'}
{'step': 3860, 'loss': 0.04338213801383972, 'device': 'cuda'}
{'step': 3865, 'loss': 0.05773751065135002, 'device': 'cuda'}
{'step': 3870, 'loss': 0.07323671132326126, 'device': 'cuda'}
{'step': 3875, 'loss': 0.036600012332201004, 'device': 'cuda'}
{'step': 3880, 'loss': 0.05205666273832321, 'device': 'cuda'}
{'step': 3885, 'loss': 0.05731167644262314, 'device': 'cuda'}
{'step': 3890, 'loss': 0.0674162283539772, 'device': 'cuda'}
{'step': 3895, 'loss': 0.076982781291008, 'device': 'cuda'}
{'step': 3900, 'loss': 0.046704426407814026, 'device': 'cuda'}
{'step': 3905, 'loss': 0.048460736870765686, 'device': 'cuda'}
{'step': 3910, 'loss': 0.06451591849327087, 'device': 'cuda'}
{'step': 3915, 'loss': 0.057903893291950226, 'device': 'cuda'}
{'step': 3920, 'loss': 0.03173518180847168, 'device': 'cuda'}
{'step': 3925, 'loss': 0.07536154240369797, 'device': 'cuda'}
{'step': 3930, 'loss': 0.04888589307665825, 'device': 'cuda'}
{'step': 3935, 'loss': 0.0730917677283287, 'device': 'cuda'}
{'step': 3940, 'loss': 0.04545005410909653, 'device': 'cuda'}
{'step': 3945, 'loss': 0.06059407815337181, 'device': 'cuda'}
{'step': 3950, 'loss': 0.07295820116996765, 'device': 'cuda'}
{'step': 3955, 'loss': 0.12083573639392853, 'device': 'cuda'}
{'step': 3960, 'loss': 0.07574652880430222, 'device': 'cuda'}
{'step': 3965, 'loss': 0.0476275198161602, 'device': 'cuda'}
{'step': 3970, 'loss': 0.04699904844164848, 'device': 'cuda'}
{'step': 3975, 'loss': 0.08812341094017029, 'device': 'cuda'}
{'step': 3980, 'loss': 0.0662459135055542, 'device': 'cuda'}
{'step': 3985, 'loss': 0.06998956948518753, 'device': 'cuda'}
{'step': 3990, 'loss': 0.07528157532215118, 'device': 'cuda'}
{'step': 3995, 'loss': 0.08552737534046173, 'device': 'cuda'}
{'step': 4000, 'loss': 0.05531340837478638, 'device': 'cuda'}
